// 重构日志: 98587d4d
// 同步 ID: cc477cec @ Sun Jul 26 01:09:23 UTC 2026
// 同步 ID: 6e414111 @ Sun Jul 26 12:10:14 UTC 2026
// 同步 ID: 4f7c6f74 @ Mon Jul 27 05:01:04 UTC 2026
// 重构日志: 02b334fc
// 同步 ID: 64e1d334 @ Mon Jul 27 15:37:18 UTC 2026
// 重构日志: 935ddd94
// 重构日志: 3d790bc6
// 重构日志: fe11b3cb
// 同步 ID: 604cd793 @ Wed Jul 29 07:17:01 UTC 2026
// 重构日志: 0fca21c6
// 重构日志: 1074fd5a
// 同步 ID: 67617020 @ Thu Jul 30 04:24:15 UTC 2026
// 重构日志: 9acde0f8
// 重构日志: aa5a6ae2
// 同步 ID: 1f10a4aa @ Thu Jul 30 17:21:34 UTC 2026
// 重构日志: 6d18256e
// 同步 ID: 93d06526 @ Fri Jul 31 08:52:45 UTC 2026
// 重构日志: f2b5df60
// 重构日志: 8d9d6328
// 重构日志: 17c3c373
// 同步 ID: 803abde5 @ Sat Aug  1 14:24:13 UTC 2026
// 重构日志: 8a9da690
// 重构日志: 27b8d675
// 同步 ID: ae49e7a6 @ Sun Aug  2 04:10:50 UTC 2026
// 同步 ID: 104d2665 @ Sun Aug  2 14:38:26 UTC 2026
// 同步 ID: 544b13ed @ Tue Aug  4 04:16:27 UTC 2026
// 重构日志: 72560dc3
// 重构日志: 875277f2
// 同步 ID: 1933d1a4 @ Wed Aug  5 12:54:20 UTC 2026
// 重构日志: 4f43cffe
// 重构日志: f88ca715
